------------------------------------------------------------
Timing Analyzer Summary
------------------------------------------------------------

Type  : Slow 1100mV 85C Model Setup 'KEY[0]'
Slack : -7.556
TNS   : -168.946

Type  : Slow 1100mV 85C Model Setup 'CLOCK_50'
Slack : -1.458
TNS   : -25.216

Type  : Slow 1100mV 85C Model Hold 'KEY[0]'
Slack : 0.188
TNS   : 0.000

Type  : Slow 1100mV 85C Model Hold 'CLOCK_50'
Slack : 0.378
TNS   : 0.000

Type  : Slow 1100mV 85C Model Recovery 'KEY[0]'
Slack : -5.374
TNS   : -15.792

Type  : Slow 1100mV 85C Model Removal 'KEY[0]'
Slack : 1.847
TNS   : 0.000

Type  : Slow 1100mV 85C Model Minimum Pulse Width 'KEY[0]'
Slack : -0.824
TNS   : -42.763

Type  : Slow 1100mV 85C Model Minimum Pulse Width 'CLOCK_50'
Slack : -0.394
TNS   : -15.855

Type  : Slow 1100mV 0C Model Setup 'KEY[0]'
Slack : -7.513
TNS   : -169.248

Type  : Slow 1100mV 0C Model Setup 'CLOCK_50'
Slack : -1.582
TNS   : -27.496

Type  : Slow 1100mV 0C Model Hold 'KEY[0]'
Slack : 0.173
TNS   : 0.000

Type  : Slow 1100mV 0C Model Hold 'CLOCK_50'
Slack : 0.377
TNS   : 0.000

Type  : Slow 1100mV 0C Model Recovery 'KEY[0]'
Slack : -5.282
TNS   : -15.467

Type  : Slow 1100mV 0C Model Removal 'KEY[0]'
Slack : 1.737
TNS   : 0.000

Type  : Slow 1100mV 0C Model Minimum Pulse Width 'KEY[0]'
Slack : -0.895
TNS   : -48.545

Type  : Slow 1100mV 0C Model Minimum Pulse Width 'CLOCK_50'
Slack : -0.394
TNS   : -14.331

Type  : Fast 1100mV 85C Model Setup 'KEY[0]'
Slack : -4.195
TNS   : -89.560

Type  : Fast 1100mV 85C Model Setup 'CLOCK_50'
Slack : -0.315
TNS   : -3.212

Type  : Fast 1100mV 85C Model Hold 'KEY[0]'
Slack : 0.064
TNS   : 0.000

Type  : Fast 1100mV 85C Model Hold 'CLOCK_50'
Slack : 0.185
TNS   : 0.000

Type  : Fast 1100mV 85C Model Recovery 'KEY[0]'
Slack : -4.447
TNS   : -13.021

Type  : Fast 1100mV 85C Model Removal 'KEY[0]'
Slack : 1.353
TNS   : 0.000

Type  : Fast 1100mV 85C Model Minimum Pulse Width 'KEY[0]'
Slack : -0.995
TNS   : -52.291

Type  : Fast 1100mV 85C Model Minimum Pulse Width 'CLOCK_50'
Slack : -0.396
TNS   : -10.976

Type  : Fast 1100mV 0C Model Setup 'KEY[0]'
Slack : -3.784
TNS   : -81.902

Type  : Fast 1100mV 0C Model Setup 'CLOCK_50'
Slack : -0.298
TNS   : -2.789

Type  : Fast 1100mV 0C Model Hold 'KEY[0]'
Slack : 0.045
TNS   : 0.000

Type  : Fast 1100mV 0C Model Hold 'CLOCK_50'
Slack : 0.178
TNS   : 0.000

Type  : Fast 1100mV 0C Model Recovery 'KEY[0]'
Slack : -4.034
TNS   : -11.807

Type  : Fast 1100mV 0C Model Removal 'KEY[0]'
Slack : 1.184
TNS   : 0.000

Type  : Fast 1100mV 0C Model Minimum Pulse Width 'KEY[0]'
Slack : -1.024
TNS   : -55.117

Type  : Fast 1100mV 0C Model Minimum Pulse Width 'CLOCK_50'
Slack : -0.433
TNS   : -13.101

------------------------------------------------------------
